
[1m== provenance[0m
NVIDIA GB10, 12.1, 595.58.03
gb10-attn dd545a5
hetero-serve 1df4804

[1m== probe (corrected peak + L2)[0m
    "device_name": "NVIDIA GB10",
    "capability": "12.1",
    "l2_cache_error": "cannot import name 'cudart' from 'cuda' (unknown location)",
    "peak_GBs_no_double": 273.1,
    "peak_GBs_doubled": 546.1,
    "peak_GBs": 273.0,
    "peak_GBs_source": "vendor spec"

[1m== cold-cache sweep[0m
  b=1 c=512 cold
  b=1 c=2048 cold
  b=4 c=512 cold
  b=4 c=2048 cold
  b=16 c=512 cold
  b=16 c=2048 cold
    (failed)
  b=64 c=512 cold
    (failed)
  skip b=64 c=2048 (known fault -- see sanitizer step)
  b=128 c=512 cold
    (failed)
  skip b=128 c=2048 (known fault -- see sanitizer step)

[1m== crash bisect (CUDA_LAUNCH_BLOCKING=1)[0m
  b=  16 ctx= 2048  ok
  b=  32 ctx=  512  ok
  b=  32 ctx= 1024  ok
  b=  32 ctx= 1536  ok
  b=  32 ctx= 2048  ok
  b=  64 ctx=  512  ok
  b=  64 ctx= 1024  ok
  b=  64 ctx= 1536  ok
  b=  64 ctx= 2048  FAULT
  b=  96 ctx=  512  ok
  b=  96 ctx= 1024  ok
  b=  96 ctx= 1536  FAULT
  b=  96 ctx= 2048  FAULT
  b= 128 ctx=  512  ok
  b= 128 ctx= 1024  FAULT
  b= 128 ctx= 1536  FAULT
  b= 128 ctx= 2048  FAULT

=== smallest faulting shape ===
  b=64 ctx=2048  (blocks=8448)

=== that shape's output ===
CUDA_LAUNCH_BLOCKING=1
  b=64 ctx=2048 blocks=8448 pool=8448 blk=16 ... FAULT: AcceleratorError: CUDA error: an illegal memory access was encountered


[1m== compute-sanitizer memcheck on the faulting shape[0m
  b=64 ctx=2048 blocks=8448 pool=8448 blk=16 ...========= Program hit cudaErrorIllegalAddress (error 700) due to "an illegal memory access was encountered" on CUDA API call to cudaLaunchKernel.
=========     Saved host backtrace up to driver entry point at error
========= Program hit cudaErrorIllegalAddress (error 700) due to "an illegal memory access was encountered" on CUDA API call to cudaGetLastError.
=========     Saved host backtrace up to driver entry point at error
 FAULT: AcceleratorError: CUDA error: an illegal memory access was encountered
========= Target application returned an error
========= ERROR SUMMARY: 2 errors

[1m== done[0m
total 53
drwxr-xr-x 2 mahesh54 student    25 Sep  1 23:01 .
drwxr-xr-x 4 mahesh54 student     4 Sep  1 22:57 ..
-rw-r--r-- 1 mahesh54 student   242 Sep  1 22:57 arch.err
-rw-r--r-- 1 mahesh54 student  1165 Sep  1 22:57 arch.json
-rw-r--r-- 1 mahesh54 student  1448 Sep  1 22:58 cold_b128_c512.txt
-rw-r--r-- 1 mahesh54 student  1469 Sep  1 22:58 cold_b16_c2048.txt
-rw-r--r-- 1 mahesh54 student  1255 Sep  1 22:57 cold_b16_c512.txt
-rw-r--r-- 1 mahesh54 student  1253 Sep  1 22:57 cold_b1_c2048.txt
-rw-r--r-- 1 mahesh54 student  1251 Sep  1 22:57 cold_b1_c512.txt
-rw-r--r-- 1 mahesh54 student  1255 Sep  1 22:57 cold_b4_c2048.txt
-rw-r--r-- 1 mahesh54 student  1252 Sep  1 22:57 cold_b4_c512.txt
-rw-r--r-- 1 mahesh54 student  1469 Sep  1 22:58 cold_b64_c512.txt
-rw-r--r-- 1 mahesh54 student  2141 Sep  1 23:01 console.log
-rw-r--r-- 1 mahesh54 student   791 Sep  1 23:01 crash_bisect.txt
-rw-r--r-- 1 mahesh54 student    29 Sep  1 22:57 gpu.txt
-rw-r--r-- 1 mahesh54 student  1302 Sep  1 22:58 hot_b128_c512.txt
-rw-r--r-- 1 mahesh54 student  1302 Sep  1 22:58 hot_b16_c2048.txt
-rw-r--r-- 1 mahesh54 student  1300 Sep  1 22:58 hot_b16_c512.txt
-rw-r--r-- 1 mahesh54 student  1299 Sep  1 22:57 hot_b1_c2048.txt
-rw-r--r-- 1 mahesh54 student  1298 Sep  1 22:57 hot_b1_c512.txt
-rw-r--r-- 1 mahesh54 student  1300 Sep  1 22:57 hot_b4_c2048.txt
-rw-r--r-- 1 mahesh54 student  1298 Sep  1 22:57 hot_b4_c512.txt
-rw-r--r-- 1 mahesh54 student  1301 Sep  1 22:58 hot_b64_c512.txt
-rw-r--r-- 1 mahesh54 student    39 Sep  1 22:57 provenance.txt
-rw-r--r-- 1 mahesh54 student 13495 Sep  1 23:01 sanitizer.txt
